2026-06-22 15:15:30 [INFO] analysis_pipeline - ============================================================
2026-06-22 15:15:30 [INFO] analysis_pipeline - [分析流程] 初始化数据分析流程
2026-06-22 15:15:30 [INFO] analysis_pipeline - ============================================================
2026-06-22 15:15:30 [INFO] analysis_pipeline - [分析流程] 所有模块初始化成功
2026-06-22 15:15:30 [INFO] analysis_pipeline - [八字分析] ========== 开始八字AI分析流程 ==========
2026-06-22 15:15:30 [INFO] analysis_pipeline - [八字分析] 输入数据: 姓名=测试命主, 性别=男
2026-06-22 15:15:30 [INFO] analysis_pipeline - [八字分析] 创建待处理报告，ID: 2
2026-06-22 15:15:30 [INFO] analysis_pipeline - [八字分析] 构建AI分析请求...
2026-06-22 15:15:30 [INFO] analysis_pipeline - [八字分析] 调用ERNIE AI模型进行分析...
2026-06-22 15:15:55 [INFO] analysis_pipeline - [八字分析] AI分析完成，生成字段: ['personality', 'career', 'marriage', 'health', 'suggestions']
2026-06-22 15:15:55 [INFO] analysis_pipeline - [八字分析] 流程完成，耗时: 25.06秒，报告ID: 2
2026-06-22 15:15:55 [INFO] analysis_pipeline - [八字分析] ========================================
2026-06-22 15:15:55 [INFO] analysis_pipeline - [八字分析] ========== 开始八字AI分析流程 ==========
2026-06-22 15:15:55 [INFO] analysis_pipeline - [八字分析] 输入数据: 姓名=, 性别=未知
2026-06-22 15:15:55 [ERROR] analysis_pipeline - [八字分析] 输入数据验证失败: [错误] 姓名: 值不能为空字符串; [错误] 性别: 必须是男/女之一，当前值: 未知; [错误] 年份: 不能小于1900; [错误] 月份: 不能大于12; [错误] 日期: 不能大于31; [错误] 小时: 不能大于23; [错误] 分钟: 不能大于59
2026-06-22 15:15:55 [ERROR] analysis_pipeline - [八字分析] 数据验证错误: 输入数据验证失败: [错误] 姓名: 值不能为空字符串; [错误] 性别: 必须是男/女之一，当前值: 未知; [错误] 年份: 不能小于1900; [错误] 月份: 不能大于12; [错误] 日期: 不能大于31; [错误] 小时: 不能大于23; [错误] 分钟: 不能大于59
2026-06-22 15:15:55 [INFO] analysis_pipeline - ============================================================
2026-06-22 15:15:55 [INFO] analysis_pipeline - [分析流程] 初始化数据分析流程
2026-06-22 15:15:55 [INFO] analysis_pipeline - ============================================================
2026-06-22 15:15:55 [INFO] analysis_pipeline - [分析流程] 所有模块初始化成功
2026-06-22 15:15:55 [INFO] analysis_pipeline - [梅花易数] ======== 开始梅花易数AI分析流程 ========
2026-06-22 15:15:55 [INFO] analysis_pipeline - [梅花易数] 所问之事: 近期事业发展如何？
2026-06-22 15:15:55 [INFO] analysis_pipeline - [梅花易数] 创建待处理报告，ID: 3
2026-06-22 15:15:55 [INFO] analysis_pipeline - [梅花易数] 构建AI分析请求...
2026-06-22 15:15:55 [INFO] analysis_pipeline - [梅花易数] 调用ERNIE AI模型进行分析...
2026-06-22 15:16:31 [INFO] analysis_pipeline - [梅花易数] AI分析完成，生成字段: ['gua_overview', 'situation_analysis', 'good_omens', 'bad_omens', 'action_advice', 'final_verdict']
2026-06-22 15:16:31 [INFO] analysis_pipeline - [梅花易数] 流程完成，耗时: 35.85秒，报告ID: 3
2026-06-22 15:16:31 [INFO] analysis_pipeline - [梅花易数] ======================================
2026-06-22 15:16:31 [INFO] analysis_pipeline - ============================================================
2026-06-22 15:16:31 [INFO] analysis_pipeline - [分析流程] 初始化数据分析流程
2026-06-22 15:16:31 [INFO] analysis_pipeline - ============================================================
2026-06-22 15:16:31 [INFO] analysis_pipeline - [分析流程] 所有模块初始化成功
2026-06-22 15:17:11 [INFO] analysis_pipeline - ============================================================
2026-06-22 15:17:11 [INFO] analysis_pipeline - [分析流程] 初始化数据分析流程
2026-06-22 15:17:11 [INFO] analysis_pipeline - ============================================================
2026-06-22 15:17:11 [INFO] analysis_pipeline - [分析流程] 所有模块初始化成功
2026-06-22 15:17:11 [INFO] analysis_pipeline - [八字分析] ========== 开始八字AI分析流程 ==========
2026-06-22 15:17:11 [INFO] analysis_pipeline - [八字分析] 输入数据: 姓名=测试命主, 性别=男
2026-06-22 15:17:11 [INFO] analysis_pipeline - [八字分析] 创建待处理报告，ID: 5
2026-06-22 15:17:11 [INFO] analysis_pipeline - [八字分析] 构建AI分析请求...
2026-06-22 15:17:11 [INFO] analysis_pipeline - [八字分析] 调用ERNIE AI模型进行分析...
2026-06-22 15:17:31 [INFO] analysis_pipeline - [八字分析] AI分析完成，生成字段: ['personality', 'career', 'marriage', 'health', 'suggestions']
2026-06-22 15:17:31 [INFO] analysis_pipeline - [八字分析] 流程完成，耗时: 19.60秒，报告ID: 5
2026-06-22 15:17:31 [INFO] analysis_pipeline - [八字分析] ========================================
2026-06-22 15:17:31 [INFO] analysis_pipeline - [八字分析] ========== 开始八字AI分析流程 ==========
2026-06-22 15:17:31 [INFO] analysis_pipeline - [八字分析] 输入数据: 姓名=, 性别=未知
2026-06-22 15:17:31 [ERROR] analysis_pipeline - [八字分析] 输入数据验证失败: [错误] 姓名: 值不能为空字符串; [错误] 性别: 必须是男/女之一，当前值: 未知; [错误] 年份: 不能小于1900; [错误] 月份: 不能大于12; [错误] 日期: 不能大于31; [错误] 小时: 不能大于23; [错误] 分钟: 不能大于59
2026-06-22 15:17:31 [ERROR] analysis_pipeline - [八字分析] 数据验证错误: 输入数据验证失败: [错误] 姓名: 值不能为空字符串; [错误] 性别: 必须是男/女之一，当前值: 未知; [错误] 年份: 不能小于1900; [错误] 月份: 不能大于12; [错误] 日期: 不能大于31; [错误] 小时: 不能大于23; [错误] 分钟: 不能大于59
2026-06-22 15:17:31 [INFO] analysis_pipeline - ============================================================
2026-06-22 15:17:31 [INFO] analysis_pipeline - [分析流程] 初始化数据分析流程
2026-06-22 15:17:31 [INFO] analysis_pipeline - ============================================================
2026-06-22 15:17:31 [INFO] analysis_pipeline - [分析流程] 所有模块初始化成功
2026-06-22 15:17:31 [INFO] analysis_pipeline - [梅花易数] ======== 开始梅花易数AI分析流程 ========
2026-06-22 15:17:31 [INFO] analysis_pipeline - [梅花易数] 所问之事: 近期事业发展如何？
2026-06-22 15:17:31 [INFO] analysis_pipeline - [梅花易数] 创建待处理报告，ID: 6
2026-06-22 15:17:31 [INFO] analysis_pipeline - [梅花易数] 构建AI分析请求...
2026-06-22 15:17:31 [INFO] analysis_pipeline - [梅花易数] 调用ERNIE AI模型进行分析...
2026-06-22 15:18:15 [INFO] analysis_pipeline - [梅花易数] AI分析完成，生成字段: ['gua_overview', 'situation_analysis', 'good_omens', 'bad_omens', 'action_advice', 'final_verdict']
2026-06-22 15:18:15 [INFO] analysis_pipeline - [梅花易数] 流程完成，耗时: 44.43秒，报告ID: 6
2026-06-22 15:18:15 [INFO] analysis_pipeline - [梅花易数] ======================================
2026-06-22 15:18:15 [INFO] analysis_pipeline - ============================================================
2026-06-22 15:18:15 [INFO] analysis_pipeline - [分析流程] 初始化数据分析流程
2026-06-22 15:18:15 [INFO] analysis_pipeline - ============================================================
2026-06-22 15:18:15 [INFO] analysis_pipeline - [分析流程] 所有模块初始化成功
